Date: Tue, 30 Sep 1997 17:40:19 -0700
To: lgl@island-resort.com
From: Laurence Lundblade <lgl@qualcomm.com>
Subject: test: Apple single

text....


[ LLundblade.key ]
[ applefile attachment omitted ]

