Date: Thu, 2 Jan 1992 12:21:18 -0800 (PST)
From: Laurence Lundblade <lgl@cac.washington.edu>
Subject: Pine source distribution
To: Bill Bathurst <bill@cpac.washington.edu>


[ invalid MIME formatting; part omitted ]


[ foo-bar attachment omitted ]


[ unknown attachment omitted ]

