Date: Thu, 2 Jan 1992 12:21:18 -0800 (PST)
From: Laurence Lundblade <lgl@cac.washington.edu>
Subject: Pine source distribution
To: Bill Bathurst <bill@cpac.washington.edu>

This is one line
So is this
This is is the start of a token: <

Greetings,   This message is to let you know the official Pine 2.0 source release date will be Jan 17, 1992. We're sorry we didn't quite make the December release date. We want to make sure we've got our act together. The January 
This was
a single
line
 These
are
on separate
lines
What color is this line?
Laurence Lundblade                       206-543-5617
  lgl@cac.washington.edu
     Computing and Communications, U of Washington, Seattle
