Date: Tue, 30 Sep 1997 17:35:20 -0700
To: lgl@island-resort.com
From: Laurence Lundblade <lgl@qualcomm.com>
Subject: test enriched with attachment

This is blue.
This is bold.
This is indented.
This is in a different font.
This is bigger.
This is centered.
This is right.


[ pop3-and-a-half.txt ]
[ attachment omitted ]


[ LLundblade.key ]
[ attachment omitted ]

