To: "Baha'i Tech" <Bahai-Tech@BCCA.Org>
Subject: Did anyone here go through the SCO Ace training?
Date: Wed, 30 Apr 1997 13:17:41 +0100
From: Kevin Genus <kdgenus@commercialair.com>

        Just wondering ... I'm going through it now and it just seemed a little bit on the easy side.  The other question is if you 'actually' saw any benefit after having it.


-Kevin 

