To: "Baha'i Tech" <Bahai-Tech@BCCA.Org>
Subject: Re: US map needed
Date: Tue, 1 Apr 1997 23:15:00 -0500
From: "Jim Desson" <jdesson@redoak.ca>

This site( http://www.graphicmaps.com/webimage/us.html ) may be helpful. I didn't notice any city references though.

----------
> From: Marc Lustig <mlustig@unidui.uni-duisburg.de>
> To: Baha'i Tech <Bahai-Tech@BCCA.Org>
> Subject: US map needed
> Date: April 1, 1997 8:28 AM
> 
> Dear Friends,
> 
> for the purpose of Baha'i-Announce I am looking for a political map of the 
> US. I need only the state-borders and major cities.
> 
> Any idea where to find this on the Internet ?
> 
> Thanks !
>   Marc
> 
> _________________________________________________________
>   Marc Lustig - Student of Social Sciences and Philosophy
> 
>   Visit Episteme-X !
>   http://www.episteme-x.net 
> _________________________________________________________

