Date: Thu, 2 Jan 1992 12:21:18 -0800 (PST)
From: Laurence Lundblade <lgl@cac.washington.edu>
Subject: Pine source distribution
To: Bill Bathurst <bill@cpac.washington.edu>

Text of level 1 part
Text of level 2 part
Text of level 3 part
Text of level 4 part
Text of level 5 part

[ message too complex; part omitted ]

Trailing level 4 text
Trailing level 1 text
