Date: Thu, 02 Oct 1997 16:40:05 -0700
From: Laurence Lundblade <lgl@booray.new-era.com>
To: lgl@island-resort.com, lgl@qualcomm.com
Subject: test from netscape 4.01a

     s
     -------------------------------------------------------------------
     dfsdfsdf

sdfsdfsdf
sdfsdfsdfsdfertetertert


   * dfgdfg
   * oooo
   * pppp
   * 8888

[Image]

[ certmngr.pdf ]
[ pdf part omitted ]

