Date: Thu, 02 Oct 1997 16:45:10 -0700
From: Laurence Lundblade <lgl@booray.new-era.com>
To: lgl@island-resort.com, lgl@qualcomm.com
Subject: test

This is HTML only 
  