Date: Tue, 30 Sep 1997 17:36:40 -0700
To: lgl@island-resort.com
From: Laurence Lundblade <lgl@qualcomm.com>
Subject: test pseudo sign

Here's a little bit of text.....



[ x.hashed-signature attachment omitted ]

