Date: Tue, 30 Sep 1997 17:41:18 -0700
To: lgl@island-resort.com
From: Laurence Lundblade <lgl@qualcomm.com>
Subject: test psuedo sign with attachment

text....


[ LLundblade.key ]
[ attachment omitted ]


[ x.hashed-signature attachment omitted ]

