Date: Thu, 2 Jan 1992 12:21:18 -0800 (PST)
From: `a Laurence Lundblade <lgl@cac.washington.edu>
Subject: ÀÁÂÃÄÅÆÇÈÉÊËÌÍÎÏ xxy
  B64SUCKS
To: Keld Jørn Simonsen <keld>,
  Olle Jäarnefors

This has spaces and is one line.

