Date: Thu, 2 Jan 1992 12:21:18 -0800 (PST)
From: Laurence Lundblade <lgl@cac.washington.edu>
Subject: Pine source distribution
To: Bill Bathurst <bill@cpac.washington.edu>


[ a123456789b123456789c123456789 ]
[ xxxxxxxxxxxxxxxxxxxx attachment omitted ]


[ a123456789b123456789c123456789 ]
[ fozboz attachment omitted ]


[ xxx ]
[ foo attachment omitted ]


[ xxx ]
[ foo attachment omitted ]


[ pp()pp ]
[ xxx part omitted ]


[ pp ]
[ xxx attachment omitted ]


[ pp ]
[ xyz attachment omitted ]

