Date: Tue, 30 Sep 1997 17:39:41 -0700
To: lgl@island-resort.com
From: Laurence Lundblade <lgl@qualcomm.com>
Subject: test: a binhexed attachment

this is text....


[ LLundblade.key ]
[ mac-binhex40 attachment omitted ]

