Date: Thu, 02 Oct 1997 16:34:10 -0700
From: Laurence Lundblade <lgl@booray.new-era.com>
To: lgl@island-resort.com
CC: lgl@qualcomm.com
Subject: [Fwd: test html]



[ Included message follows: ]

Date: Tue, 30 Sep 1997 17:48:50 -0700
From: Laurence Lundblade <lgl@booray.new-era.com>
To: lgl@island-resort.com
Subject: test html

This is fancy HTML....
sdfsdfsdfsdfsdfsdfsdfsdf

sdfsdfsdfsdfsdf

sdf

sdf

*sdfsdf
*sdf
*sdf
*sdf
*
   * sdfsdfsdf
   * ttttttt
   * eeeeeeeee
   * eeeeee




   * [Image]
     indented.....
     blue...

