Date: Sun, 20 Jul 1997 22:30:46 -0700
From: Mail Delivery Subsystem <MAILER-DAEMON>
Subject: hey...
To: <lorenzo@java.island-resort.com>

Hi dad


