Date: Sun, 20 Jul 1997 22:30:46 -0700
From: Mail Delivery Subsystem <MAILER-DAEMON>
Subject: Warning: could not send message for past 4 hours
To: <lorenzo@java.island-resort.com>

The first text line
The second line with no CR at end